# Amplitude Analytics Unity SDK

## Overview

The Amplitude Analytics Unity SDK is a plugin that integrates Amplitude's analytics capabilities into Unity projects (version 2019.3.11 or higher). It serves as a wrapper for the native Amplitude iOS and Android SDKs, allowing game developers to track user behavior, manage user properties, and analyze revenue metrics across mobile platforms from within their Unity projects.

## Key Features

- **Cross-Platform Analytics**: Seamlessly works across iOS and Android platforms
- **Event Tracking**: Capture user interactions and custom events
- **User Property Management**: Store and update attributes about users
- **Revenue Tracking**: Monitor in-app purchases and revenue metrics
- **Session Management**: Configure and track user sessions
- **COPPA Compliance**: Controls for applications targeting children
- **EU Data Residency**: Option to store data in EU data centers
- **Dynamic Configuration**: Server-side configuration capabilities

## Installation Methods

The SDK can be installed through multiple methods:
1. **Unity Package Manager (UPM)**: Add the package via Git URL
2. **Manual Installation**: Download and import the Unity package directly
3. **CocoaPods/Gradle**: For platform-specific integrations

## Core Concepts and Nomenclature

- **Events**: User actions or occurrences tracked in the application
- **User Properties**: Attributes associated with users (demographics, preferences, etc.)
- **Event Properties**: Additional context attached to specific events
- **Sessions**: Time periods of user engagement with the application
- **User ID**: Unique identifier for tracking individual users
- **Device ID**: Fallback identifier when user is not logged in
- **IDFA**: Identifier for Advertisers (iOS) - can be optionally tracked
- **ADID**: Google Advertising ID (Android) - can be optionally tracked

## Key API Methods

### Initialization
```csharp
Amplitude amplitude = Amplitude.getInstance();
amplitude.init("API_KEY");
```

### Event Tracking
```csharp
// Basic event
amplitude.logEvent("EVENT_TYPE");

// Event with properties
Dictionary<string, object> eventProps = new Dictionary<string, object>();
eventProps.Add("property1", "value1");
amplitude.logEvent("EVENT_TYPE", eventProps);
```

### User Properties
```csharp
// Set user properties
Dictionary<string, object> userProps = new Dictionary<string, object>();
userProps.Add("gender", "female");
amplitude.setUserProperties(userProps);

// Individual property operations
amplitude.setUserProperty("premium_user", true);
amplitude.clearUserProperties();
```

### User Identity
```csharp
amplitude.setUserId("user@example.com");
amplitude.regenerateDeviceId();
```

### Revenue Tracking
```csharp
// Track revenue with Revenue object
Revenue revenue = new Revenue().setProductId("com.company.app.productid")
                              .setPrice(3.99)
                              .setQuantity(1);
amplitude.logRevenueV2(revenue);
```

## Configuration Options

- **EU Data Residency**: `amplitude.setServerUrl("https://api.eu.amplitude.com")`
- **Session Timeout**: `amplitude.setSessionTimeoutMillis(30 * 60 * 1000)`
- **Opt-Out Tracking**: `amplitude.setOptOut(true)`
- **COPPA Control**: `amplitude.enableCoppaControl()`
- **Advertising ID Tracking**: `amplitude.enableLocationListening()`
- **Logging**: `amplitude.enableLogging(true)`

## Integration with Amplitude Ecosystem

The Unity SDK connects to the broader Amplitude analytics platform, allowing developers to:
1. View analytics data in the Amplitude dashboard
2. Create user segments based on behavior
3. Analyze user journeys and conversion funnels
4. Implement server-side dynamic configuration
5. Export data to other systems in the Amplitude ecosystem

The SDK is designed to work with minimal configuration while providing advanced options for developers who need more control over analytics implementation.

## Platform-Specific Considerations

The SDK handles platform-specific requirements automatically, including:
- iOS App Tracking Transparency framework compliance
- Android permissions management
- Platform-specific identifier collection (IDFA/ADID)

## Technical Requirements

- Unity 2019.3.11 or higher
- iOS 10+ for iOS deployments
- Android API level 16+ for Android deployments